[INFO] Scanning for projects...
[INFO] 
[INFO] -----------------------< com.cs203:mgo-data-api >-----------------------
[INFO] Building mgo-data-api 0.0.1-SNAPSHOT
[INFO]   from pom.xml
[INFO] --------------------------------[ jar ]---------------------------------
[INFO] 
[INFO] >>> spring-boot:4.1.1:run (default-cli) > test-compile @ mgo-data-api >>>
[INFO] 
[INFO] --- resources:3.5.0:resources (default-resources) @ mgo-data-api ---
[INFO] Copying 1 resource from src/main/resources to target/classes
[INFO] Copying 0 resource from src/main/resources to target/classes
[INFO] 
[INFO] --- compiler:3.15.0:compile (default-compile) @ mgo-data-api ---
[INFO] Nothing to compile - all classes are up to date.
[INFO] 
[INFO] --- resources:3.5.0:testResources (default-testResources) @ mgo-data-api ---
[INFO] skip non existing resourceDirectory /workspaces/cs203-g2t5/backend/src/test/resources
[INFO] 
[INFO] --- compiler:3.15.0:testCompile (default-testCompile) @ mgo-data-api ---
[INFO] Nothing to compile - all classes are up to date.
[INFO] 
[INFO] <<< spring-boot:4.1.1:run (default-cli) < test-compile @ mgo-data-api <<<
[INFO] 
[INFO] 
[INFO] --- spring-boot:4.1.1:run (default-cli) @ mgo-data-api ---
[INFO] Attaching agents: []

  .   ____          _            __ _ _
 /\\ / ___'_ __ _ _(_)_ __  __ _ \ \ \ \
( ( )\___ | '_ | '_| | '_ \/ _` | \ \ \ \
 \\/  ___)| |_)| | | | | || (_| |  ) ) ) )
  '  |____| .__|_| |_|_| |_\__, | / / / /
 =========|_|==============|___/=/_/_/_/

 :: Spring Boot ::                (v4.1.1)

2026-09-27T16:30:04.011Z  INFO 14467 --- [mgo-data-api] [           main] c.c.mgodataapi.MgoDataApiApplication     : Starting MgoDataApiApplication using Java 25.0.4.1 with PID 14467 (/workspaces/cs203-g2t5/backend/target/classes started by codespace in /workspaces/cs203-g2t5/backend)
2026-09-27T16:30:04.015Z  INFO 14467 --- [mgo-data-api] [           main] c.c.mgodataapi.MgoDataApiApplication     : No active profile set, falling back to 1 default profile: "default"
2026-09-27T16:30:05.269Z  INFO 14467 --- [mgo-data-api] [           main] .s.d.r.c.RepositoryConfigurationDelegate : Bootstrapping Spring Data JPA repositories in DEFAULT mode.
2026-09-27T16:30:05.348Z  INFO 14467 --- [mgo-data-api] [           main] .s.d.r.c.RepositoryConfigurationDelegate : Finished Spring Data repository scanning in 65 ms. Found 2 JPA repository interfaces.
2026-09-27T16:30:05.854Z  INFO 14467 --- [mgo-data-api] [           main] o.s.boot.tomcat.TomcatWebServer          : Tomcat initialized with port 8000 (http)
2026-09-27T16:30:05.873Z  INFO 14467 --- [mgo-data-api] [           main] o.apache.catalina.core.StandardService   : Starting service [Tomcat]
2026-09-27T16:30:05.873Z  INFO 14467 --- [mgo-data-api] [           main] o.apache.catalina.core.StandardEngine    : Starting Servlet engine: [Apache Tomcat/11.0.24]
2026-09-27T16:30:05.922Z  INFO 14467 --- [mgo-data-api] [           main] b.w.c.s.WebApplicationContextInitializer : Root WebApplicationContext: initialization completed in 1778 ms
2026-09-27T16:30:06.087Z  INFO 14467 --- [mgo-data-api] [           main] com.zaxxer.hikari.HikariDataSource       : HikariPool-1 - Starting...
2026-09-27T16:30:07.758Z  INFO 14467 --- [mgo-data-api] [           main] com.zaxxer.hikari.pool.HikariPool        : HikariPool-1 - Added connection org.postgresql.jdbc.PgConnection@6c2a95d5
2026-09-27T16:30:07.760Z  INFO 14467 --- [mgo-data-api] [           main] com.zaxxer.hikari.HikariDataSource       : HikariPool-1 - Start completed.
2026-09-27T16:30:07.790Z  INFO 14467 --- [mgo-data-api] [           main] org.hibernate.orm.jpa                    : HHH008540: Processing PersistenceUnitInfo [name: default]
2026-09-27T16:30:07.832Z  INFO 14467 --- [mgo-data-api] [           main] org.hibernate.orm.core                   : HHH000001: Hibernate ORM core version 7.4.5.Final
2026-09-27T16:30:08.176Z  INFO 14467 --- [mgo-data-api] [           main] o.s.o.j.p.SpringPersistenceUnitInfo      : No LoadTimeWeaver setup: ignoring JPA class transformer
2026-09-27T16:30:09.134Z  INFO 14467 --- [mgo-data-api] [           main] org.hibernate.orm.connections.pooling    : HHH10001005: Database info:
	Database JDBC URL [jdbc:postgresql://aws-0-ap-southeast-2.pooler.supabase.com:5432/postgres?user=postgres.vaamjkghvgomgsiecvab&password=MGOmpp@123!]
	Database driver: PostgreSQL JDBC Driver
	Database dialect: PostgreSQLDialect
	Database version: 17.6
	Default catalog/schema: postgres/public
	Autocommit mode: undefined/unknown
	Isolation level: READ_COMMITTED [default READ_COMMITTED]
	JDBC fetch size: none
	Pool: DataSourceConnectionProvider
	Minimum pool size: undefined/unknown
	Maximum pool size: undefined/unknown
2026-09-27T16:30:09.968Z  INFO 14467 --- [mgo-data-api] [           main] org.hibernate.orm.core                   : HHH000489: No JTA platform available (set 'hibernate.transaction.jta.platform' to enable JTA platform integration)
2026-09-27T16:30:09.974Z  INFO 14467 --- [mgo-data-api] [           main] j.LocalContainerEntityManagerFactoryBean : Initialized JPA EntityManagerFactory for persistence unit 'default'
2026-09-27T16:30:10.086Z  WARN 14467 --- [mgo-data-api] [           main] ConfigServletWebServerApplicationContext : Exception encountered during context initialization - cancelling refresh attempt: org.springframework.beans.factory.UnsatisfiedDependencyException: Error creating bean with name 'marketDashboardController' defined in file [/workspaces/cs203-g2t5/backend/target/classes/com/cs203/mgodataapi/MarketDashboardController.class]: Unsatisfied dependency expressed through constructor parameter 0: Error creating bean with name 'marketDashboardService' defined in file [/workspaces/cs203-g2t5/backend/target/classes/com/cs203/mgodataapi/MarketDashboardService.class]: Unsatisfied dependency expressed through constructor parameter 0: No qualifying bean of type 'com.fasterxml.jackson.databind.ObjectMapper' available: expected at least 1 bean which qualifies as autowire candidate. Dependency annotations: {}
2026-09-27T16:30:10.086Z  INFO 14467 --- [mgo-data-api] [           main] j.LocalContainerEntityManagerFactoryBean : Closing JPA EntityManagerFactory for persistence unit 'default'
2026-09-27T16:30:10.089Z  INFO 14467 --- [mgo-data-api] [           main] com.zaxxer.hikari.HikariDataSource       : HikariPool-1 - Shutdown initiated...
2026-09-27T16:30:11.297Z  INFO 14467 --- [mgo-data-api] [           main] com.zaxxer.hikari.HikariDataSource       : HikariPool-1 - Shutdown completed.
2026-09-27T16:30:11.300Z  INFO 14467 --- [mgo-data-api] [           main] o.apache.catalina.core.StandardService   : Stopping service [Tomcat]
2026-09-27T16:30:11.312Z  INFO 14467 --- [mgo-data-api] [           main] .s.b.a.l.ConditionEvaluationReportLogger : 

Error starting ApplicationContext. To display the condition evaluation report re-run your application with 'debug' enabled.
2026-09-27T16:30:11.332Z ERROR 14467 --- [mgo-data-api] [           main] o.s.b.d.LoggingFailureAnalysisReporter   : 

***************************
APPLICATION FAILED TO START
***************************

Description:

Parameter 0 of constructor in com.cs203.mgodataapi.MarketDashboardService required a bean of type 'com.fasterxml.jackson.databind.ObjectMapper' that could not be found.


Action:

Consider defining a bean of type 'com.fasterxml.jackson.databind.ObjectMapper' in your configuration.

[INFO] ------------------------------------------------------------------------
[INFO] BUILD FAILURE
[INFO] ------------------------------------------------------------------------
[INFO] Total time:  10.587 s
[INFO] Finished at: 2026-09-27T16:30:11Z
[INFO] ------------------------------------------------------------------------
[ERROR] Failed to execute goal org.springframework.boot:spring-boot-maven-plugin:4.1.1:run (default-cli) on project mgo-data-api: Process terminated with exit code: 1 -> [Help 1]
[ERROR] 
[ERROR] To see the full stack trace of the errors, re-run Maven with the -e switch.
[ERROR] Re-run Maven using the -X switch to enable full debug logging.
[ERROR] 
[ERROR] For more information about the errors and possible solutions, please read the following articles:
[ERROR] [Help 1] http://cwiki.apache.org/confluence/display/MAVEN/MojoExecutionException
